// Vitest Snapshot v1, https://vitest.dev/guide/snapshot.html

exports[`BeautifulTree > renders a boring circle 1`] = `
{
  "asFragment": [Function],
  "baseElement": <body>
    <div>
      <svg
        class="beautiful-tree-react"
        id="my-boring-test-tree"
        style="width: 200px; height: 200px;"
        viewBox="0 0 200 200"
        xmlns="http://www.w3.org/2000/svg"
      >
        <circle
          cx="100"
          cy="100"
          r="100"
        />
      </svg>
    </div>
  </body>,
  "container": <div>
    <svg
      class="beautiful-tree-react"
      id="my-boring-test-tree"
      style="width: 200px; height: 200px;"
      viewBox="0 0 200 200"
      xmlns="http://www.w3.org/2000/svg"
    >
      <circle
        cx="100"
        cy="100"
        r="100"
      />
    </svg>
  </div>,
  "debug": [Function],
  "findAllByAltText": [Function],
  "findAllByDisplayValue": [Function],
  "findAllByLabelText": [Function],
  "findAllByPlaceholderText": [Function],
  "findAllByRole": [Function],
  "findAllByTestId": [Function],
  "findAllByText": [Function],
  "findAllByTitle": [Function],
  "findByAltText": [Function],
  "findByDisplayValue": [Function],
  "findByLabelText": [Function],
  "findByPlaceholderText": [Function],
  "findByRole": [Function],
  "findByTestId": [Function],
  "findByText": [Function],
  "findByTitle": [Function],
  "getAllByAltText": [Function],
  "getAllByDisplayValue": [Function],
  "getAllByLabelText": [Function],
  "getAllByPlaceholderText": [Function],
  "getAllByRole": [Function],
  "getAllByTestId": [Function],
  "getAllByText": [Function],
  "getAllByTitle": [Function],
  "getByAltText": [Function],
  "getByDisplayValue": [Function],
  "getByLabelText": [Function],
  "getByPlaceholderText": [Function],
  "getByRole": [Function],
  "getByTestId": [Function],
  "getByText": [Function],
  "getByTitle": [Function],
  "queryAllByAltText": [Function],
  "queryAllByDisplayValue": [Function],
  "queryAllByLabelText": [Function],
  "queryAllByPlaceholderText": [Function],
  "queryAllByRole": [Function],
  "queryAllByTestId": [Function],
  "queryAllByText": [Function],
  "queryAllByTitle": [Function],
  "queryByAltText": [Function],
  "queryByDisplayValue": [Function],
  "queryByLabelText": [Function],
  "queryByPlaceholderText": [Function],
  "queryByRole": [Function],
  "queryByTestId": [Function],
  "queryByText": [Function],
  "queryByTitle": [Function],
  "rerender": [Function],
  "unmount": [Function],
}
`;
